2026-09-25 12:05:26.131: [INFO] CurrentProfilePath: F:\Billwise_System\.metadata\.plugins\org.eclipse.swt\EBWebView\Default
2026-09-25 12:05:26.131: [INFO] Profiles total count: 1
2026-09-25 12:05:26.131: [INFO] Profile: name=Profile 1 path=F:\Billwise_System\.metadata\.plugins\org.eclipse.swt\EBWebView\Default lastActive=null
2026-09-25 12:05:26.131: [INFO] LastUsedProfileDir: F:\Billwise_System\.metadata\.plugins\org.eclipse.swt\EBWebView\Default
2026-09-25 12:05:26.131: [INFO] OnDoneLoading sync enabled: 0
2026-09-25 12:05:26.131: [INFO] BookmarkModelLoaded, ids_reassigned: 0
2026-09-25 12:05:26.131: [INFO] BookmarksLoadDropped droppedNodes=0
2026-09-25 12:05:26.131: [INFO] BookmarksSnapshot Startup total=0 bar=0 other=0 mobile=0 showBar=0 showBarNTP=1
2026-09-25 12:05:26.299: [INFO] BookmarksSnapshot Shutdown total=0 bar=0 other=0 mobile=0 showBar=0 showBarNTP=1
2026-09-25 12:05:27.166: [INFO] CurrentProfilePath: F:\Billwise_System\.metadata\.plugins\org.eclipse.swt\EBWebView\Default
2026-09-25 12:05:27.166: [INFO] Profiles total count: 1
2026-09-25 12:05:27.166: [INFO] Profile: name=Profile 1 path=F:\Billwise_System\.metadata\.plugins\org.eclipse.swt\EBWebView\Default lastActive=null
2026-09-25 12:05:27.166: [INFO] LastUsedProfileDir: F:\Billwise_System\.metadata\.plugins\org.eclipse.swt\EBWebView\Default
2026-09-25 12:05:27.166: [INFO] OnDoneLoading sync enabled: 0
2026-09-25 12:05:27.166: [INFO] BookmarkModelLoaded, ids_reassigned: 0
2026-09-25 12:05:27.166: [INFO] BookmarksLoadDropped droppedNodes=0
2026-09-25 12:05:27.166: [INFO] BookmarksSnapshot Startup total=0 bar=0 other=0 mobile=0 showBar=0 showBarNTP=1
2026-09-25 12:05:27.372: [INFO] BookmarksSnapshot Shutdown total=0 bar=0 other=0 mobile=0 showBar=0 showBarNTP=1
2026-09-25 12:05:30.054: [INFO] CurrentProfilePath: F:\Billwise_System\.metadata\.plugins\org.eclipse.swt\EBWebView\Default
2026-09-25 12:05:30.054: [INFO] Profiles total count: 1
2026-09-25 12:05:30.054: [INFO] Profile: name=Profile 1 path=F:\Billwise_System\.metadata\.plugins\org.eclipse.swt\EBWebView\Default lastActive=null
2026-09-25 12:05:30.054: [INFO] LastUsedProfileDir: F:\Billwise_System\.metadata\.plugins\org.eclipse.swt\EBWebView\Default
2026-09-25 12:05:30.054: [INFO] OnDoneLoading sync enabled: 0
2026-09-25 12:05:30.054: [INFO] BookmarkModelLoaded, ids_reassigned: 0
2026-09-25 12:05:30.054: [INFO] BookmarksLoadDropped droppedNodes=0
2026-09-25 12:05:30.054: [INFO] BookmarksSnapshot Startup total=0 bar=0 other=0 mobile=0 showBar=0 showBarNTP=1
2026-09-25 12:05:30.214: [INFO] BookmarksSnapshot Shutdown total=0 bar=0 other=0 mobile=0 showBar=0 showBarNTP=1
2026-09-25 12:05:33.372: [INFO] CurrentProfilePath: F:\Billwise_System\.metadata\.plugins\org.eclipse.swt\EBWebView\Default
2026-09-25 12:05:33.372: [INFO] Profiles total count: 1
2026-09-25 12:05:33.372: [INFO] Profile: name=Profile 1 path=F:\Billwise_System\.metadata\.plugins\org.eclipse.swt\EBWebView\Default lastActive=null
2026-09-25 12:05:33.372: [INFO] LastUsedProfileDir: F:\Billwise_System\.metadata\.plugins\org.eclipse.swt\EBWebView\Default
2026-09-25 12:05:33.372: [INFO] OnDoneLoading sync enabled: 0
2026-09-25 12:05:33.372: [INFO] BookmarkModelLoaded, ids_reassigned: 0
2026-09-25 12:05:33.372: [INFO] BookmarksLoadDropped droppedNodes=0
2026-09-25 12:05:33.372: [INFO] BookmarksSnapshot Startup total=0 bar=0 other=0 mobile=0 showBar=0 showBarNTP=1
2026-09-25 12:05:33.506: [INFO] BookmarksSnapshot Shutdown total=0 bar=0 other=0 mobile=0 showBar=0 showBarNTP=1
2026-09-25 12:09:58.813: [INFO] CurrentProfilePath: F:\Billwise_System\.metadata\.plugins\org.eclipse.swt\EBWebView\Default
2026-09-25 12:09:58.813: [INFO] Profiles total count: 1
2026-09-25 12:09:58.813: [INFO] Profile: name=Profile 1 path=F:\Billwise_System\.metadata\.plugins\org.eclipse.swt\EBWebView\Default lastActive=null
2026-09-25 12:09:58.813: [INFO] LastUsedProfileDir: F:\Billwise_System\.metadata\.plugins\org.eclipse.swt\EBWebView\Default
2026-09-25 12:09:58.813: [INFO] OnDoneLoading sync enabled: 0
2026-09-25 12:09:58.813: [INFO] BookmarkModelLoaded, ids_reassigned: 0
2026-09-25 12:09:58.813: [INFO] BookmarksLoadDropped droppedNodes=0
2026-09-25 12:09:58.813: [INFO] BookmarksSnapshot Startup total=0 bar=0 other=0 mobile=0 showBar=0 showBarNTP=1
2026-09-25 12:09:58.955: [INFO] BookmarksSnapshot Shutdown total=0 bar=0 other=0 mobile=0 showBar=0 showBarNTP=1
2026-09-25 12:12:21.146: [INFO] CurrentProfilePath: F:\Billwise_System\.metadata\.plugins\org.eclipse.swt\EBWebView\Default
2026-09-25 12:12:21.146: [INFO] Profiles total count: 1
2026-09-25 12:12:21.147: [INFO] Profile: name=Profile 1 path=F:\Billwise_System\.metadata\.plugins\org.eclipse.swt\EBWebView\Default lastActive=null
2026-09-25 12:12:21.147: [INFO] LastUsedProfileDir: F:\Billwise_System\.metadata\.plugins\org.eclipse.swt\EBWebView\Default
2026-09-25 12:12:21.147: [INFO] OnDoneLoading sync enabled: 0
2026-09-25 12:12:21.147: [INFO] BookmarkModelLoaded, ids_reassigned: 0
2026-09-25 12:12:21.147: [INFO] BookmarksLoadDropped droppedNodes=0
2026-09-25 12:12:21.147: [INFO] BookmarksSnapshot Startup total=0 bar=0 other=0 mobile=0 showBar=0 showBarNTP=1
2026-09-25 12:12:21.331: [INFO] BookmarksSnapshot Shutdown total=0 bar=0 other=0 mobile=0 showBar=0 showBarNTP=1
2026-09-25 12:12:22.092: [INFO] CurrentProfilePath: F:\Billwise_System\.metadata\.plugins\org.eclipse.swt\EBWebView\Default
2026-09-25 12:12:22.092: [INFO] Profiles total count: 1
2026-09-25 12:12:22.092: [INFO] Profile: name=Profile 1 path=F:\Billwise_System\.metadata\.plugins\org.eclipse.swt\EBWebView\Default lastActive=null
2026-09-25 12:12:22.092: [INFO] LastUsedProfileDir: F:\Billwise_System\.metadata\.plugins\org.eclipse.swt\EBWebView\Default
2026-09-25 12:12:22.092: [INFO] OnDoneLoading sync enabled: 0
2026-09-25 12:12:22.092: [INFO] BookmarkModelLoaded, ids_reassigned: 0
2026-09-25 12:12:22.092: [INFO] BookmarksLoadDropped droppedNodes=0
2026-09-25 12:12:22.092: [INFO] BookmarksSnapshot Startup total=0 bar=0 other=0 mobile=0 showBar=0 showBarNTP=1
2026-09-25 12:12:22.319: [INFO] BookmarksSnapshot Shutdown total=0 bar=0 other=0 mobile=0 showBar=0 showBarNTP=1
2026-09-25 12:12:23.160: [INFO] CurrentProfilePath: F:\Billwise_System\.metadata\.plugins\org.eclipse.swt\EBWebView\Default
2026-09-25 12:12:23.160: [INFO] Profiles total count: 1
2026-09-25 12:12:23.160: [INFO] Profile: name=Profile 1 path=F:\Billwise_System\.metadata\.plugins\org.eclipse.swt\EBWebView\Default lastActive=null
2026-09-25 12:12:23.160: [INFO] LastUsedProfileDir: F:\Billwise_System\.metadata\.plugins\org.eclipse.swt\EBWebView\Default
2026-09-25 12:12:23.160: [INFO] OnDoneLoading sync enabled: 0
2026-09-25 12:12:23.160: [INFO] BookmarkModelLoaded, ids_reassigned: 0
2026-09-25 12:12:23.160: [INFO] BookmarksLoadDropped droppedNodes=0
2026-09-25 12:12:23.160: [INFO] BookmarksSnapshot Startup total=0 bar=0 other=0 mobile=0 showBar=0 showBarNTP=1
2026-09-25 12:12:23.351: [INFO] BookmarksSnapshot Shutdown total=0 bar=0 other=0 mobile=0 showBar=0 showBarNTP=1
2026-09-25 12:34:41.614: [INFO] CurrentProfilePath: F:\Billwise_System\.metadata\.plugins\org.eclipse.swt\EBWebView\Default
2026-09-25 12:34:41.614: [INFO] Profiles total count: 1
2026-09-25 12:34:41.614: [INFO] Profile: name=Profile 1 path=F:\Billwise_System\.metadata\.plugins\org.eclipse.swt\EBWebView\Default lastActive=null
2026-09-25 12:34:41.614: [INFO] LastUsedProfileDir: F:\Billwise_System\.metadata\.plugins\org.eclipse.swt\EBWebView\Default
2026-09-25 12:34:41.614: [INFO] OnDoneLoading sync enabled: 0
2026-09-25 12:34:41.614: [INFO] BookmarkModelLoaded, ids_reassigned: 0
2026-09-25 12:34:41.614: [INFO] BookmarksLoadDropped droppedNodes=0
2026-09-25 12:34:41.614: [INFO] BookmarksSnapshot Startup total=0 bar=0 other=0 mobile=0 showBar=0 showBarNTP=1
2026-09-25 12:34:42.294: [INFO] BookmarksSnapshot Shutdown total=0 bar=0 other=0 mobile=0 showBar=0 showBarNTP=1
2026-09-25 12:34:51.613: [INFO] CurrentProfilePath: F:\Billwise_System\.metadata\.plugins\org.eclipse.swt\EBWebView\Default
2026-09-25 12:34:51.613: [INFO] Profiles total count: 1
2026-09-25 12:34:51.613: [INFO] Profile: name=Profile 1 path=F:\Billwise_System\.metadata\.plugins\org.eclipse.swt\EBWebView\Default lastActive=null
2026-09-25 12:34:51.613: [INFO] LastUsedProfileDir: F:\Billwise_System\.metadata\.plugins\org.eclipse.swt\EBWebView\Default
2026-09-25 12:34:51.613: [INFO] OnDoneLoading sync enabled: 0
2026-09-25 12:34:51.613: [INFO] BookmarkModelLoaded, ids_reassigned: 0
2026-09-25 12:34:51.613: [INFO] BookmarksLoadDropped droppedNodes=0
2026-09-25 12:34:51.613: [INFO] BookmarksSnapshot Startup total=0 bar=0 other=0 mobile=0 showBar=0 showBarNTP=1
2026-09-25 12:34:51.753: [INFO] BookmarksSnapshot Shutdown total=0 bar=0 other=0 mobile=0 showBar=0 showBarNTP=1
2026-09-25 12:36:09.772: [INFO] CurrentProfilePath: F:\Billwise_System\.metadata\.plugins\org.eclipse.swt\EBWebView\Default
2026-09-25 12:36:09.773: [INFO] Profiles total count: 1
2026-09-25 12:36:09.773: [INFO] Profile: name=Profile 1 path=F:\Billwise_System\.metadata\.plugins\org.eclipse.swt\EBWebView\Default lastActive=null
2026-09-25 12:36:09.773: [INFO] LastUsedProfileDir: F:\Billwise_System\.metadata\.plugins\org.eclipse.swt\EBWebView\Default
2026-09-25 12:36:09.773: [INFO] OnDoneLoading sync enabled: 0
2026-09-25 12:36:09.773: [INFO] BookmarkModelLoaded, ids_reassigned: 0
2026-09-25 12:36:09.773: [INFO] BookmarksLoadDropped droppedNodes=0
2026-09-25 12:36:09.773: [INFO] BookmarksSnapshot Startup total=0 bar=0 other=0 mobile=0 showBar=0 showBarNTP=1
2026-09-25 12:36:10.007: [INFO] BookmarksSnapshot Shutdown total=0 bar=0 other=0 mobile=0 showBar=0 showBarNTP=1
2026-09-25 12:36:48.326: [INFO] CurrentProfilePath: F:\Billwise_System\.metadata\.plugins\org.eclipse.swt\EBWebView\Default
2026-09-25 12:36:48.326: [INFO] Profiles total count: 1
2026-09-25 12:36:48.327: [INFO] Profile: name=Profile 1 path=F:\Billwise_System\.metadata\.plugins\org.eclipse.swt\EBWebView\Default lastActive=null
2026-09-25 12:36:48.327: [INFO] LastUsedProfileDir: F:\Billwise_System\.metadata\.plugins\org.eclipse.swt\EBWebView\Default
2026-09-25 12:36:48.327: [INFO] OnDoneLoading sync enabled: 0
2026-09-25 12:36:48.327: [INFO] BookmarkModelLoaded, ids_reassigned: 0
2026-09-25 12:36:48.327: [INFO] BookmarksLoadDropped droppedNodes=0
2026-09-25 12:36:48.327: [INFO] BookmarksSnapshot Startup total=0 bar=0 other=0 mobile=0 showBar=0 showBarNTP=1
2026-09-25 12:36:51.686: [INFO] BookmarksSnapshot Shutdown total=0 bar=0 other=0 mobile=0 showBar=0 showBarNTP=1
2026-09-25 12:38:21.174: [INFO] CurrentProfilePath: F:\Billwise_System\.metadata\.plugins\org.eclipse.swt\EBWebView\Default
2026-09-25 12:38:21.174: [INFO] Profiles total count: 1
2026-09-25 12:38:21.174: [INFO] Profile: name=Profile 1 path=F:\Billwise_System\.metadata\.plugins\org.eclipse.swt\EBWebView\Default lastActive=null
2026-09-25 12:38:21.174: [INFO] LastUsedProfileDir: F:\Billwise_System\.metadata\.plugins\org.eclipse.swt\EBWebView\Default
2026-09-25 12:38:21.174: [INFO] OnDoneLoading sync enabled: 0
2026-09-25 12:38:21.174: [INFO] BookmarkModelLoaded, ids_reassigned: 0
2026-09-25 12:38:21.174: [INFO] BookmarksLoadDropped droppedNodes=0
2026-09-25 12:38:21.174: [INFO] BookmarksSnapshot Startup total=0 bar=0 other=0 mobile=0 showBar=0 showBarNTP=1
2026-09-25 13:00:26.972: [INFO] BookmarksSnapshot Shutdown total=0 bar=0 other=0 mobile=0 showBar=0 showBarNTP=1
2026-09-25 15:03:00.876: [INFO] CurrentProfilePath: F:\Billwise_System\.metadata\.plugins\org.eclipse.swt\EBWebView\Default
2026-09-25 15:03:00.876: [INFO] Profiles total count: 1
2026-09-25 15:03:00.876: [INFO] Profile: name=Profile 1 path=F:\Billwise_System\.metadata\.plugins\org.eclipse.swt\EBWebView\Default lastActive=2026-09-25T12:59:48.080Z
2026-09-25 15:03:00.876: [INFO] LastUsedProfileDir: F:\Billwise_System\.metadata\.plugins\org.eclipse.swt\EBWebView\Default
2026-09-25 15:03:00.876: [INFO] MostRecentlyActiveProfile: name=Profile 1 path=F:\Billwise_System\.metadata\.plugins\org.eclipse.swt\EBWebView\Default lastActive=2026-09-25T12:59:48.080Z
2026-09-25 15:03:00.876: [INFO] OnDoneLoading sync enabled: 0
2026-09-25 15:03:00.876: [INFO] BookmarkModelLoaded, ids_reassigned: 0
2026-09-25 15:03:00.876: [INFO] BookmarksLoadDropped droppedNodes=0
2026-09-25 15:03:00.876: [INFO] BookmarksSnapshot Startup total=0 bar=0 other=0 mobile=0 showBar=0 showBarNTP=1
2026-09-25 17:48:21.554: [INFO] BookmarksSnapshot Shutdown total=0 bar=0 other=0 mobile=0 showBar=0 showBarNTP=1
2026-09-26 02:39:00.041: [INFO] CurrentProfilePath: F:\Billwise_System\.metadata\.plugins\org.eclipse.swt\EBWebView\Default
2026-09-26 02:39:00.041: [INFO] Profiles total count: 1
2026-09-26 02:39:00.042: [INFO] Profile: name=Profile 1 path=F:\Billwise_System\.metadata\.plugins\org.eclipse.swt\EBWebView\Default lastActive=2026-09-25T12:59:48.080Z
2026-09-26 02:39:00.042: [INFO] LastUsedProfileDir: F:\Billwise_System\.metadata\.plugins\org.eclipse.swt\EBWebView\Default
2026-09-26 02:39:00.042: [INFO] MostRecentlyActiveProfile: name=Profile 1 path=F:\Billwise_System\.metadata\.plugins\org.eclipse.swt\EBWebView\Default lastActive=2026-09-25T12:59:48.080Z
2026-09-26 02:39:00.042: [INFO] OnDoneLoading sync enabled: 0
2026-09-26 02:39:00.042: [INFO] BookmarkModelLoaded, ids_reassigned: 0
2026-09-26 02:39:00.042: [INFO] BookmarksLoadDropped droppedNodes=0
2026-09-26 02:39:00.042: [INFO] BookmarksSnapshot Startup total=0 bar=0 other=0 mobile=0 showBar=0 showBarNTP=1
2026-09-26 02:39:01.715: [INFO] BookmarksSnapshot Shutdown total=0 bar=0 other=0 mobile=0 showBar=0 showBarNTP=1
2026-09-26 02:39:07.368: [INFO] CurrentProfilePath: F:\Billwise_System\.metadata\.plugins\org.eclipse.swt\EBWebView\Default
2026-09-26 02:39:07.368: [INFO] Profiles total count: 1
2026-09-26 02:39:07.369: [INFO] Profile: name=Profile 1 path=F:\Billwise_System\.metadata\.plugins\org.eclipse.swt\EBWebView\Default lastActive=2026-09-25T12:59:48.080Z
2026-09-26 02:39:07.369: [INFO] LastUsedProfileDir: F:\Billwise_System\.metadata\.plugins\org.eclipse.swt\EBWebView\Default
2026-09-26 02:39:07.369: [INFO] MostRecentlyActiveProfile: name=Profile 1 path=F:\Billwise_System\.metadata\.plugins\org.eclipse.swt\EBWebView\Default lastActive=2026-09-25T12:59:48.080Z
2026-09-26 02:39:07.369: [INFO] OnDoneLoading sync enabled: 0
2026-09-26 02:39:07.369: [INFO] BookmarkModelLoaded, ids_reassigned: 0
2026-09-26 02:39:07.369: [INFO] BookmarksLoadDropped droppedNodes=0
2026-09-26 02:39:07.369: [INFO] BookmarksSnapshot Startup total=0 bar=0 other=0 mobile=0 showBar=0 showBarNTP=1
2026-09-26 02:39:11.184: [INFO] BookmarksSnapshot Shutdown total=0 bar=0 other=0 mobile=0 showBar=0 showBarNTP=1
2026-09-26 02:39:15.687: [INFO] CurrentProfilePath: F:\Billwise_System\.metadata\.plugins\org.eclipse.swt\EBWebView\Default
2026-09-26 02:39:15.687: [INFO] Profiles total count: 1
2026-09-26 02:39:15.688: [INFO] Profile: name=Profile 1 path=F:\Billwise_System\.metadata\.plugins\org.eclipse.swt\EBWebView\Default lastActive=2026-09-25T12:59:48.080Z
2026-09-26 02:39:15.688: [INFO] LastUsedProfileDir: F:\Billwise_System\.metadata\.plugins\org.eclipse.swt\EBWebView\Default
2026-09-26 02:39:15.688: [INFO] MostRecentlyActiveProfile: name=Profile 1 path=F:\Billwise_System\.metadata\.plugins\org.eclipse.swt\EBWebView\Default lastActive=2026-09-25T12:59:48.080Z
2026-09-26 02:39:15.688: [INFO] OnDoneLoading sync enabled: 0
2026-09-26 02:39:15.688: [INFO] BookmarkModelLoaded, ids_reassigned: 0
2026-09-26 02:39:15.688: [INFO] BookmarksLoadDropped droppedNodes=0
2026-09-26 02:39:15.688: [INFO] BookmarksSnapshot Startup total=0 bar=0 other=0 mobile=0 showBar=0 showBarNTP=1
2026-09-26 02:39:19.767: [INFO] BookmarksSnapshot Shutdown total=0 bar=0 other=0 mobile=0 showBar=0 showBarNTP=1
2026-09-26 02:39:24.348: [INFO] CurrentProfilePath: F:\Billwise_System\.metadata\.plugins\org.eclipse.swt\EBWebView\Default
2026-09-26 02:39:24.348: [INFO] Profiles total count: 1
2026-09-26 02:39:24.348: [INFO] Profile: name=Profile 1 path=F:\Billwise_System\.metadata\.plugins\org.eclipse.swt\EBWebView\Default lastActive=2026-09-25T12:59:48.080Z
2026-09-26 02:39:24.348: [INFO] LastUsedProfileDir: F:\Billwise_System\.metadata\.plugins\org.eclipse.swt\EBWebView\Default
2026-09-26 02:39:24.348: [INFO] MostRecentlyActiveProfile: name=Profile 1 path=F:\Billwise_System\.metadata\.plugins\org.eclipse.swt\EBWebView\Default lastActive=2026-09-25T12:59:48.080Z
2026-09-26 02:39:24.349: [INFO] OnDoneLoading sync enabled: 0
2026-09-26 02:39:24.349: [INFO] BookmarkModelLoaded, ids_reassigned: 0
2026-09-26 02:39:24.349: [INFO] BookmarksLoadDropped droppedNodes=0
2026-09-26 02:39:24.349: [INFO] BookmarksSnapshot Startup total=0 bar=0 other=0 mobile=0 showBar=0 showBarNTP=1
2026-09-26 02:39:31.407: [INFO] BookmarksSnapshot Shutdown total=0 bar=0 other=0 mobile=0 showBar=0 showBarNTP=1
2026-09-26 02:42:47.540: [INFO] CurrentProfilePath: F:\Billwise_System\.metadata\.plugins\org.eclipse.swt\EBWebView\Default
2026-09-26 02:42:47.540: [INFO] Profiles total count: 1
2026-09-26 02:42:47.540: [INFO] Profile: name=Profile 1 path=F:\Billwise_System\.metadata\.plugins\org.eclipse.swt\EBWebView\Default lastActive=2026-09-25T12:59:48.080Z
2026-09-26 02:42:47.540: [INFO] LastUsedProfileDir: F:\Billwise_System\.metadata\.plugins\org.eclipse.swt\EBWebView\Default
2026-09-26 02:42:47.540: [INFO] MostRecentlyActiveProfile: name=Profile 1 path=F:\Billwise_System\.metadata\.plugins\org.eclipse.swt\EBWebView\Default lastActive=2026-09-25T12:59:48.080Z
2026-09-26 02:42:47.540: [INFO] OnDoneLoading sync enabled: 0
2026-09-26 02:42:47.540: [INFO] BookmarkModelLoaded, ids_reassigned: 0
2026-09-26 02:42:47.540: [INFO] BookmarksLoadDropped droppedNodes=0
2026-09-26 02:42:47.540: [INFO] BookmarksSnapshot Startup total=0 bar=0 other=0 mobile=0 showBar=0 showBarNTP=1
2026-09-26 02:42:47.756: [INFO] BookmarksSnapshot Shutdown total=0 bar=0 other=0 mobile=0 showBar=0 showBarNTP=1
2026-09-26 02:42:52.780: [INFO] CurrentProfilePath: F:\Billwise_System\.metadata\.plugins\org.eclipse.swt\EBWebView\Default
2026-09-26 02:42:52.780: [INFO] Profiles total count: 1
2026-09-26 02:42:52.780: [INFO] Profile: name=Profile 1 path=F:\Billwise_System\.metadata\.plugins\org.eclipse.swt\EBWebView\Default lastActive=2026-09-25T12:59:48.080Z
2026-09-26 02:42:52.780: [INFO] LastUsedProfileDir: F:\Billwise_System\.metadata\.plugins\org.eclipse.swt\EBWebView\Default
2026-09-26 02:42:52.780: [INFO] MostRecentlyActiveProfile: name=Profile 1 path=F:\Billwise_System\.metadata\.plugins\org.eclipse.swt\EBWebView\Default lastActive=2026-09-25T12:59:48.080Z
2026-09-26 02:42:52.780: [INFO] OnDoneLoading sync enabled: 0
2026-09-26 02:42:52.780: [INFO] BookmarkModelLoaded, ids_reassigned: 0
2026-09-26 02:42:52.780: [INFO] BookmarksLoadDropped droppedNodes=0
2026-09-26 02:42:52.780: [INFO] BookmarksSnapshot Startup total=0 bar=0 other=0 mobile=0 showBar=0 showBarNTP=1
2026-09-26 02:42:57.146: [INFO] BookmarksSnapshot Shutdown total=0 bar=0 other=0 mobile=0 showBar=0 showBarNTP=1
2026-09-26 02:45:49.692: [INFO] CurrentProfilePath: F:\Billwise_System\.metadata\.plugins\org.eclipse.swt\EBWebView\Default
2026-09-26 02:45:49.692: [INFO] Profiles total count: 1
2026-09-26 02:45:49.692: [INFO] Profile: name=Profile 1 path=F:\Billwise_System\.metadata\.plugins\org.eclipse.swt\EBWebView\Default lastActive=2026-09-25T12:59:48.080Z
2026-09-26 02:45:49.692: [INFO] LastUsedProfileDir: F:\Billwise_System\.metadata\.plugins\org.eclipse.swt\EBWebView\Default
2026-09-26 02:45:49.692: [INFO] MostRecentlyActiveProfile: name=Profile 1 path=F:\Billwise_System\.metadata\.plugins\org.eclipse.swt\EBWebView\Default lastActive=2026-09-25T12:59:48.080Z
2026-09-26 02:45:49.692: [INFO] OnDoneLoading sync enabled: 0
2026-09-26 02:45:49.692: [INFO] BookmarkModelLoaded, ids_reassigned: 0
2026-09-26 02:45:49.692: [INFO] BookmarksLoadDropped droppedNodes=0
2026-09-26 02:45:49.692: [INFO] BookmarksSnapshot Startup total=0 bar=0 other=0 mobile=0 showBar=0 showBarNTP=1
2026-09-26 02:45:56.898: [INFO] BookmarksSnapshot Shutdown total=0 bar=0 other=0 mobile=0 showBar=0 showBarNTP=1
2026-09-26 02:46:15.995: [INFO] CurrentProfilePath: F:\Billwise_System\.metadata\.plugins\org.eclipse.swt\EBWebView\Default
2026-09-26 02:46:15.995: [INFO] Profiles total count: 1
2026-09-26 02:46:15.996: [INFO] Profile: name=Profile 1 path=F:\Billwise_System\.metadata\.plugins\org.eclipse.swt\EBWebView\Default lastActive=2026-09-25T12:59:48.080Z
2026-09-26 02:46:15.996: [INFO] LastUsedProfileDir: F:\Billwise_System\.metadata\.plugins\org.eclipse.swt\EBWebView\Default
2026-09-26 02:46:15.996: [INFO] MostRecentlyActiveProfile: name=Profile 1 path=F:\Billwise_System\.metadata\.plugins\org.eclipse.swt\EBWebView\Default lastActive=2026-09-25T12:59:48.080Z
2026-09-26 02:46:15.996: [INFO] OnDoneLoading sync enabled: 0
2026-09-26 02:46:15.996: [INFO] BookmarkModelLoaded, ids_reassigned: 0
2026-09-26 02:46:15.996: [INFO] BookmarksLoadDropped droppedNodes=0
2026-09-26 02:46:15.996: [INFO] BookmarksSnapshot Startup total=0 bar=0 other=0 mobile=0 showBar=0 showBarNTP=1
2026-09-26 02:46:24.040: [INFO] BookmarksSnapshot Shutdown total=0 bar=0 other=0 mobile=0 showBar=0 showBarNTP=1
2026-09-26 02:46:27.887: [INFO] CurrentProfilePath: F:\Billwise_System\.metadata\.plugins\org.eclipse.swt\EBWebView\Default
2026-09-26 02:46:27.887: [INFO] Profiles total count: 1
2026-09-26 02:46:27.887: [INFO] Profile: name=Profile 1 path=F:\Billwise_System\.metadata\.plugins\org.eclipse.swt\EBWebView\Default lastActive=2026-09-25T12:59:48.080Z
2026-09-26 02:46:27.887: [INFO] LastUsedProfileDir: F:\Billwise_System\.metadata\.plugins\org.eclipse.swt\EBWebView\Default
2026-09-26 02:46:27.887: [INFO] MostRecentlyActiveProfile: name=Profile 1 path=F:\Billwise_System\.metadata\.plugins\org.eclipse.swt\EBWebView\Default lastActive=2026-09-25T12:59:48.080Z
2026-09-26 02:46:27.887: [INFO] OnDoneLoading sync enabled: 0
2026-09-26 02:46:27.887: [INFO] BookmarkModelLoaded, ids_reassigned: 0
2026-09-26 02:46:27.887: [INFO] BookmarksLoadDropped droppedNodes=0
2026-09-26 02:46:27.887: [INFO] BookmarksSnapshot Startup total=0 bar=0 other=0 mobile=0 showBar=0 showBarNTP=1
2026-09-26 02:46:31.687: [INFO] BookmarksSnapshot Shutdown total=0 bar=0 other=0 mobile=0 showBar=0 showBarNTP=1
2026-09-26 02:52:04.163: [INFO] CurrentProfilePath: F:\Billwise_System\.metadata\.plugins\org.eclipse.swt\EBWebView\Default
2026-09-26 02:52:04.163: [INFO] Profiles total count: 1
2026-09-26 02:52:04.163: [INFO] Profile: name=Profile 1 path=F:\Billwise_System\.metadata\.plugins\org.eclipse.swt\EBWebView\Default lastActive=2026-09-25T12:59:48.080Z
2026-09-26 02:52:04.163: [INFO] LastUsedProfileDir: F:\Billwise_System\.metadata\.plugins\org.eclipse.swt\EBWebView\Default
2026-09-26 02:52:04.163: [INFO] MostRecentlyActiveProfile: name=Profile 1 path=F:\Billwise_System\.metadata\.plugins\org.eclipse.swt\EBWebView\Default lastActive=2026-09-25T12:59:48.080Z
2026-09-26 02:52:04.163: [INFO] OnDoneLoading sync enabled: 0
2026-09-26 02:52:04.163: [INFO] BookmarkModelLoaded, ids_reassigned: 0
2026-09-26 02:52:04.163: [INFO] BookmarksLoadDropped droppedNodes=0
2026-09-26 02:52:04.163: [INFO] BookmarksSnapshot Startup total=0 bar=0 other=0 mobile=0 showBar=0 showBarNTP=1
2026-09-26 02:52:25.336: [INFO] BookmarksSnapshot Shutdown total=0 bar=0 other=0 mobile=0 showBar=0 showBarNTP=1
2026-09-26 02:52:28.628: [INFO] CurrentProfilePath: F:\Billwise_System\.metadata\.plugins\org.eclipse.swt\EBWebView\Default
2026-09-26 02:52:28.628: [INFO] Profiles total count: 1
2026-09-26 02:52:28.628: [INFO] Profile: name=Profile 1 path=F:\Billwise_System\.metadata\.plugins\org.eclipse.swt\EBWebView\Default lastActive=2026-09-25T12:59:48.080Z
2026-09-26 02:52:28.628: [INFO] LastUsedProfileDir: F:\Billwise_System\.metadata\.plugins\org.eclipse.swt\EBWebView\Default
2026-09-26 02:52:28.628: [INFO] MostRecentlyActiveProfile: name=Profile 1 path=F:\Billwise_System\.metadata\.plugins\org.eclipse.swt\EBWebView\Default lastActive=2026-09-25T12:59:48.080Z
2026-09-26 02:52:28.628: [INFO] OnDoneLoading sync enabled: 0
2026-09-26 02:52:28.628: [INFO] BookmarkModelLoaded, ids_reassigned: 0
2026-09-26 02:52:28.628: [INFO] BookmarksLoadDropped droppedNodes=0
2026-09-26 02:52:28.628: [INFO] BookmarksSnapshot Startup total=0 bar=0 other=0 mobile=0 showBar=0 showBarNTP=1
2026-09-26 02:52:40.603: [INFO] BookmarksSnapshot Shutdown total=0 bar=0 other=0 mobile=0 showBar=0 showBarNTP=1
2026-09-26 02:54:25.178: [INFO] CurrentProfilePath: F:\Billwise_System\.metadata\.plugins\org.eclipse.swt\EBWebView\Default
2026-09-26 02:54:25.178: [INFO] Profiles total count: 1
2026-09-26 02:54:25.178: [INFO] Profile: name=Profile 1 path=F:\Billwise_System\.metadata\.plugins\org.eclipse.swt\EBWebView\Default lastActive=2026-09-25T12:59:48.080Z
2026-09-26 02:54:25.178: [INFO] LastUsedProfileDir: F:\Billwise_System\.metadata\.plugins\org.eclipse.swt\EBWebView\Default
2026-09-26 02:54:25.179: [INFO] MostRecentlyActiveProfile: name=Profile 1 path=F:\Billwise_System\.metadata\.plugins\org.eclipse.swt\EBWebView\Default lastActive=2026-09-25T12:59:48.080Z
2026-09-26 02:54:25.179: [INFO] OnDoneLoading sync enabled: 0
2026-09-26 02:54:25.179: [INFO] BookmarkModelLoaded, ids_reassigned: 0
2026-09-26 02:54:25.179: [INFO] BookmarksLoadDropped droppedNodes=0
2026-09-26 02:54:25.179: [INFO] BookmarksSnapshot Startup total=0 bar=0 other=0 mobile=0 showBar=0 showBarNTP=1
2026-09-26 02:54:31.165: [INFO] BookmarksSnapshot Shutdown total=0 bar=0 other=0 mobile=0 showBar=0 showBarNTP=1
2026-09-26 02:55:03.695: [INFO] CurrentProfilePath: F:\Billwise_System\.metadata\.plugins\org.eclipse.swt\EBWebView\Default
2026-09-26 02:55:03.695: [INFO] Profiles total count: 1
2026-09-26 02:55:03.695: [INFO] Profile: name=Profile 1 path=F:\Billwise_System\.metadata\.plugins\org.eclipse.swt\EBWebView\Default lastActive=2026-09-25T12:59:48.080Z
2026-09-26 02:55:03.695: [INFO] LastUsedProfileDir: F:\Billwise_System\.metadata\.plugins\org.eclipse.swt\EBWebView\Default
2026-09-26 02:55:03.695: [INFO] MostRecentlyActiveProfile: name=Profile 1 path=F:\Billwise_System\.metadata\.plugins\org.eclipse.swt\EBWebView\Default lastActive=2026-09-25T12:59:48.080Z
2026-09-26 02:55:03.695: [INFO] OnDoneLoading sync enabled: 0
2026-09-26 02:55:03.695: [INFO] BookmarkModelLoaded, ids_reassigned: 0
2026-09-26 02:55:03.695: [INFO] BookmarksLoadDropped droppedNodes=0
2026-09-26 02:55:03.695: [INFO] BookmarksSnapshot Startup total=0 bar=0 other=0 mobile=0 showBar=0 showBarNTP=1
2026-09-26 02:57:28.932: [INFO] BookmarksSnapshot Shutdown total=0 bar=0 other=0 mobile=0 showBar=0 showBarNTP=1
2026-09-26 02:58:48.319: [INFO] CurrentProfilePath: F:\Billwise_System\.metadata\.plugins\org.eclipse.swt\EBWebView\Default
2026-09-26 02:58:48.319: [INFO] Profiles total count: 1
2026-09-26 02:58:48.320: [INFO] Profile: name=Profile 1 path=F:\Billwise_System\.metadata\.plugins\org.eclipse.swt\EBWebView\Default lastActive=2026-09-25T12:59:48.080Z
2026-09-26 02:58:48.320: [INFO] LastUsedProfileDir: F:\Billwise_System\.metadata\.plugins\org.eclipse.swt\EBWebView\Default
2026-09-26 02:58:48.320: [INFO] MostRecentlyActiveProfile: name=Profile 1 path=F:\Billwise_System\.metadata\.plugins\org.eclipse.swt\EBWebView\Default lastActive=2026-09-25T12:59:48.080Z
2026-09-26 02:58:48.320: [INFO] OnDoneLoading sync enabled: 0
2026-09-26 02:58:48.320: [INFO] BookmarkModelLoaded, ids_reassigned: 0
2026-09-26 02:58:48.320: [INFO] BookmarksLoadDropped droppedNodes=0
2026-09-26 02:58:48.320: [INFO] BookmarksSnapshot Startup total=0 bar=0 other=0 mobile=0 showBar=0 showBarNTP=1
2026-09-26 02:58:55.955: [INFO] BookmarksSnapshot Shutdown total=0 bar=0 other=0 mobile=0 showBar=0 showBarNTP=1
2026-09-26 03:06:54.979: [INFO] CurrentProfilePath: F:\Billwise_System\.metadata\.plugins\org.eclipse.swt\EBWebView\Default
2026-09-26 03:06:54.979: [INFO] Profiles total count: 1
2026-09-26 03:06:54.979: [INFO] Profile: name=Profile 1 path=F:\Billwise_System\.metadata\.plugins\org.eclipse.swt\EBWebView\Default lastActive=2026-09-25T12:59:48.080Z
2026-09-26 03:06:54.980: [INFO] LastUsedProfileDir: F:\Billwise_System\.metadata\.plugins\org.eclipse.swt\EBWebView\Default
2026-09-26 03:06:54.980: [INFO] MostRecentlyActiveProfile: name=Profile 1 path=F:\Billwise_System\.metadata\.plugins\org.eclipse.swt\EBWebView\Default lastActive=2026-09-25T12:59:48.080Z
2026-09-26 03:06:54.980: [INFO] OnDoneLoading sync enabled: 0
2026-09-26 03:06:54.980: [INFO] BookmarkModelLoaded, ids_reassigned: 0
2026-09-26 03:06:54.980: [INFO] BookmarksLoadDropped droppedNodes=0
2026-09-26 03:06:54.980: [INFO] BookmarksSnapshot Startup total=0 bar=0 other=0 mobile=0 showBar=0 showBarNTP=1
2026-09-26 03:25:00.556: [INFO] BookmarksSnapshot Shutdown total=0 bar=0 other=0 mobile=0 showBar=0 showBarNTP=1
2026-09-26 03:28:28.703: [INFO] CurrentProfilePath: F:\Billwise_System\.metadata\.plugins\org.eclipse.swt\EBWebView\Default
2026-09-26 03:28:28.703: [INFO] Profiles total count: 1
2026-09-26 03:28:28.703: [INFO] Profile: name=Profile 1 path=F:\Billwise_System\.metadata\.plugins\org.eclipse.swt\EBWebView\Default lastActive=2026-09-25T12:59:48.080Z
2026-09-26 03:28:28.703: [INFO] LastUsedProfileDir: F:\Billwise_System\.metadata\.plugins\org.eclipse.swt\EBWebView\Default
2026-09-26 03:28:28.703: [INFO] MostRecentlyActiveProfile: name=Profile 1 path=F:\Billwise_System\.metadata\.plugins\org.eclipse.swt\EBWebView\Default lastActive=2026-09-25T12:59:48.080Z
2026-09-26 03:28:28.703: [INFO] OnDoneLoading sync enabled: 0
2026-09-26 03:28:28.703: [INFO] BookmarkModelLoaded, ids_reassigned: 0
2026-09-26 03:28:28.703: [INFO] BookmarksLoadDropped droppedNodes=0
2026-09-26 03:28:28.703: [INFO] BookmarksSnapshot Startup total=0 bar=0 other=0 mobile=0 showBar=0 showBarNTP=1
2026-09-26 05:33:37.898: [INFO] BookmarksSnapshot Shutdown total=0 bar=0 other=0 mobile=0 showBar=0 showBarNTP=1
2026-09-26 05:33:38.060: [INFO] CurrentProfilePath: F:\Billwise_System\.metadata\.plugins\org.eclipse.swt\EBWebView\Default
2026-09-26 05:33:38.060: [INFO] Profiles total count: 1
2026-09-26 05:33:38.060: [INFO] Profile: name=Profile 1 path=F:\Billwise_System\.metadata\.plugins\org.eclipse.swt\EBWebView\Default lastActive=2026-09-25T12:59:48.080Z
2026-09-26 05:33:38.060: [INFO] LastUsedProfileDir: F:\Billwise_System\.metadata\.plugins\org.eclipse.swt\EBWebView\Default
2026-09-26 05:33:38.060: [INFO] MostRecentlyActiveProfile: name=Profile 1 path=F:\Billwise_System\.metadata\.plugins\org.eclipse.swt\EBWebView\Default lastActive=2026-09-25T12:59:48.080Z
2026-09-26 05:33:38.060: [INFO] OnDoneLoading sync enabled: 0
2026-09-26 05:33:38.060: [INFO] BookmarkModelLoaded, ids_reassigned: 0
2026-09-26 05:33:38.060: [INFO] BookmarksLoadDropped droppedNodes=0
2026-09-26 05:33:38.060: [INFO] BookmarksSnapshot Startup total=0 bar=0 other=0 mobile=0 showBar=0 showBarNTP=1
2026-09-26 05:44:05.232: [INFO] BookmarksSnapshot Shutdown total=0 bar=0 other=0 mobile=0 showBar=0 showBarNTP=1
2026-09-26 05:44:05.373: [INFO] CurrentProfilePath: F:\Billwise_System\.metadata\.plugins\org.eclipse.swt\EBWebView\Default
2026-09-26 05:44:05.373: [INFO] Profiles total count: 1
2026-09-26 05:44:05.373: [INFO] Profile: name=Profile 1 path=F:\Billwise_System\.metadata\.plugins\org.eclipse.swt\EBWebView\Default lastActive=2026-09-25T12:59:48.080Z
2026-09-26 05:44:05.373: [INFO] LastUsedProfileDir: F:\Billwise_System\.metadata\.plugins\org.eclipse.swt\EBWebView\Default
2026-09-26 05:44:05.373: [INFO] MostRecentlyActiveProfile: name=Profile 1 path=F:\Billwise_System\.metadata\.plugins\org.eclipse.swt\EBWebView\Default lastActive=2026-09-25T12:59:48.080Z
2026-09-26 05:44:05.373: [INFO] OnDoneLoading sync enabled: 0
2026-09-26 05:44:05.373: [INFO] BookmarkModelLoaded, ids_reassigned: 0
2026-09-26 05:44:05.373: [INFO] BookmarksLoadDropped droppedNodes=0
2026-09-26 05:44:05.373: [INFO] BookmarksSnapshot Startup total=0 bar=0 other=0 mobile=0 showBar=0 showBarNTP=1
2026-09-26 06:23:22.411: [INFO] BookmarksSnapshot Shutdown total=0 bar=0 other=0 mobile=0 showBar=0 showBarNTP=1
